[1/267] task-a-1       null    2/20 r=0
[2/267] task-a-1       oracle  20/20 r=1
[3/267] task-a-1       oracle  20/20 r=1
[4/267] task-a-2       oracle  20/20 r=1
[5/267] task-a-2       oracle  20/20 r=1
[6/267] task-a-2       null    2/20 r=0
[7/267] task-a-32      null    0/13 r=0
[8/267] task-a-32      oracle  13/13 r=1
[9/267] task-a-32      oracle  13/13 r=1
[10/267] task-a-31      null    0/28 r=0
[11/267] task-a-31      oracle  28/28 r=1
[12/267] task-a-31      oracle  28/28 r=1
[13/267] task-a-35      null    0/29 r=0
[14/267] task-a-35      oracle  29/29 r=1
[15/267] task-a-35      oracle  29/29 r=1
[16/267] task-a-33      null    0/34 r=0
[17/267] task-a-36      null    0/32 r=0
[18/267] task-a-33      oracle  34/34 r=1
[19/267] task-a-33      oracle  34/34 r=1
[20/267] task-a-36      oracle  32/32 r=1
[21/267] task-a-36      oracle  32/32 r=1
[22/267] task-a-37      null    0/29 r=0
[23/267] task-a-37      oracle  29/29 r=1
[24/267] task-a-38      null    0/26 r=0
[25/267] task-a-37      oracle  29/29 r=1
[26/267] task-a-40      null    0/34 r=0
[27/267] task-a-38      oracle  26/26 r=1
[28/267] task-a-38      oracle  26/26 r=1
[29/267] task-a-5       null    2/20 r=0
[30/267] task-a-40      oracle  34/34 r=1
[31/267] task-a-40      oracle  34/34 r=1
[32/267] task-alloc-3   null    11/29 r=0
[33/267] task-a-5       oracle  20/20 r=1
[34/267] task-alloc-4   null    7/12 r=0
[35/267] task-a-5       oracle  20/20 r=1
[36/267] task-alloc-3   oracle  29/29 r=1
[37/267] task-alloc-3   oracle  29/29 r=1
[38/267] task-alloc-4   oracle  12/12 r=1
[39/267] task-alloc-5   null    10/15 r=0
[40/267] task-alloc-4   oracle  12/12 r=1
[41/267] task-alloc-6   null    13/21 r=0
[42/267] task-alloc-5   oracle  15/15 r=1
[43/267] task-alloc-5   oracle  15/15 r=1
[44/267] task-alloc-6   oracle  21/21 r=1
[45/267] task-alloc-6   oracle  21/21 r=1
[46/267] task-b1        null    0/9 r=0
[47/267] task-b10       null    0/14 r=0
[48/267] task-b1        oracle  9/9 r=1
[49/267] task-b1        oracle  9/9 r=1
[50/267] task-b10       oracle  14/14 r=1
[51/267] task-b10       oracle  14/14 r=1
[52/267] task-b11       null    0/15 r=0
[53/267] task-b11       oracle  15/15 r=1
[54/267] task-b2        null    0/14 r=0
[55/267] task-b11       oracle  15/15 r=1
[56/267] task-b2        oracle  14/14 r=1
[57/267] task-b3        null    0/6 r=0
[58/267] task-b2        oracle  14/14 r=1
[59/267] task-b3        oracle  6/6 r=1
[60/267] task-b3        oracle  6/6 r=1
[61/267] task-b4        null    0/14 r=0
[62/267] task-b5        null    0/17 r=0
[63/267] task-b4        oracle  14/14 r=1
[64/267] task-b4        oracle  14/14 r=1
[65/267] task-b6        null    0/14 r=0
[66/267] task-b5        oracle  17/17 r=1
[67/267] task-b5        oracle  17/17 r=1
[68/267] task-b6        oracle  14/14 r=1
[69/267] task-b6        oracle  14/14 r=1
[70/267] task-b7        null    0/14 r=0
[71/267] task-b8        null    0/16 r=0
[72/267] task-b7        oracle  14/14 r=1
[73/267] task-b7        oracle  14/14 r=1
[74/267] task-b9        null    0/14 r=0
[75/267] task-b8        oracle  16/16 r=1
[76/267] task-b8        oracle  16/16 r=1
[77/267] task-b9        oracle  14/14 r=1
[78/267] task-c1        null    0/17 r=0
[79/267] task-b9        oracle  14/14 r=1
[80/267] task-c2        null    0/6 r=0
[81/267] task-c2        oracle  6/6 r=1
[82/267] task-c2        oracle  6/6 r=1
[83/267] task-c1        oracle  17/17 r=1
[84/267] task-c1        oracle  17/17 r=1
[85/267] task-c3        null    0/14 r=0
[86/267] task-c3        oracle  14/14 r=1
[87/267] task-c3        oracle  14/14 r=1
[88/267] task-c4        null    0/16 r=0
[89/267] task-c4        oracle  16/16 r=1
[90/267] task-c5        null    0/17 r=0
[91/267] task-c4        oracle  16/16 r=1
[92/267] task-c5        oracle  17/17 r=1
[93/267] task-ep-1      null    8/33 r=0
[94/267] task-c5        oracle  17/17 r=1
[95/267] task-ep-1      oracle  33/33 r=1
[96/267] task-ep-1      oracle  33/33 r=1
[97/267] task-ep-11     null    5/12 r=0
[98/267] task-ep-11     oracle  12/12 r=1
[99/267] task-ep-11     oracle  12/12 r=1
[100/267] task-ep-10     null    12/26 r=0
[101/267] task-ep-10     oracle  26/26 r=1
[102/267] task-ep-10     oracle  26/26 r=1
[103/267] task-ep-13     null    8/24 r=0
[104/267] task-ep-13     oracle  24/24 r=1
[105/267] task-ep-14     null    11/24 r=0
[106/267] task-ep-13     oracle  24/24 r=1
[107/267] task-ep-14     oracle  11/24 r=0
[108/267] task-ep-14     oracle  11/24 r=0
[109/267] task-ep-16     null    11/17 r=0
[110/267] task-ep-16     oracle  17/17 r=1
[111/267] task-ep-16     oracle  17/17 r=1
[112/267] task-ep-15     null    5/12 r=0
[113/267] task-ep-17     null    14/21 r=0
[114/267] task-ep-15     oracle  12/12 r=1
[115/267] task-ep-15     oracle  12/12 r=1
[116/267] task-ep-18     null    10/18 r=0
[117/267] task-ep-17     oracle  21/21 r=1
[118/267] task-ep-17     oracle  21/21 r=1
[119/267] task-ep-18     oracle  18/18 r=1
[120/267] task-ep-18     oracle  18/18 r=1
[121/267] task-ep-19     null    6/15 r=0
[122/267] task-ep-19     oracle  15/15 r=1
[123/267] task-ep-19     oracle  15/15 r=1
[124/267] task-ep-20     null    17/26 r=0
[125/267] task-ep-20     oracle  26/26 r=1
[126/267] task-ep-20     oracle  26/26 r=1
[127/267] task-ep-21     null    13/26 r=0
[128/267] task-ep-21     oracle  26/26 r=1
[129/267] task-ep-2      null    19/36 r=0
[130/267] task-ep-21     oracle  26/26 r=1
[131/267] task-ep-22     null    8/23 r=0
[132/267] task-ep-2      oracle  36/36 r=1
[133/267] task-ep-22     oracle  23/23 r=1
[134/267] task-ep-22     oracle  23/23 r=1
[135/267] task-ep-23     null    14/29 r=0
[136/267] task-ep-2      oracle  36/36 r=1
[137/267] task-ep-23     oracle  29/29 r=1
[138/267] task-ep-23     oracle  29/29 r=1
[139/267] task-ep-25     null    6/13 r=0
[140/267] task-ep-25     oracle  13/13 r=1
[141/267] task-ep-24     null    11/24 r=0
[142/267] task-ep-24     oracle  24/24 r=1
[143/267] task-ep-24     oracle  24/24 r=1
[144/267] task-ep-4      null    4/10 r=0
[145/267] task-ep-25     oracle  13/13 r=1
[146/267] task-ep-4      oracle  10/10 r=1
[147/267] task-ep-4      oracle  10/10 r=1
[148/267] task-ep-7      null    16/42 r=0
[149/267] task-ep-5      oracle  47/47 r=1
[150/267] task-ep-5      null    20/47 r=0
[151/267] task-ep-7      oracle  42/42 r=1
[152/267] task-ep-5      oracle  47/47 r=1
[153/267] task-ep-7      oracle  42/42 r=1
[154/267] task-ep-8      null    8/30 r=0
[155/267] task-ep-8      oracle  30/30 r=1
[156/267] task-ep-8      oracle  30/30 r=1
[157/267] task-grc-2     null    0/19 r=0
[158/267] task-ep-9      null    16/26 r=0
[159/267] task-ep-9      oracle  16/26 r=0
[160/267] task-ep-9      oracle  16/26 r=0
[161/267] task-grc-2     oracle  19/19 r=1
[162/267] task-grc-2     oracle  19/19 r=1
[163/267] task-grc-3     null    3/18 r=0
[164/267] task-grc-3     oracle  18/18 r=1
[165/267] task-grc-4     null    0/20 r=0
[166/267] task-grc-3     oracle  18/18 r=1
[167/267] task-grc-5     null    0/24 r=0
[168/267] task-grc-4     oracle  20/20 r=1
[169/267] task-grc-4     oracle  20/20 r=1
[170/267] task-grc-6     null    0/17 r=0
[171/267] task-grc-5     oracle  24/24 r=1
[172/267] task-grc-5     oracle  24/24 r=1
[173/267] task-grc-7     null    0/20 r=0
[174/267] task-grc-6     oracle  17/17 r=1
[175/267] task-grc-6     oracle  17/17 r=1
[176/267] task-grc-7     oracle  20/20 r=1
[177/267] task-grc-7     oracle  20/20 r=1
[178/267] task-iam-12    null    0/25 r=0
[179/267] task-iam-12    oracle  25/25 r=1
[180/267] task-iam-12    oracle  25/25 r=1
[181/267] task-iam-13    null    0/22 r=0
[182/267] task-grc-8     null    0/18 r=0
[183/267] task-iam-13    oracle  22/22 r=1
[184/267] task-iam-13    oracle  22/22 r=1
[185/267] task-grc-8     oracle  18/18 r=1
[186/267] task-grc-8     oracle  18/18 r=1
[187/267] task-iam-14    null    0/21 r=0
[188/267] task-iam-14    oracle  21/21 r=1
[189/267] task-iam-16    null    0/19 r=0
[190/267] task-iam-14    oracle  21/21 r=1
[191/267] task-iam-15    null    0/21 r=0
[192/267] task-iam-15    oracle  21/21 r=1
[193/267] task-iam-15    oracle  21/21 r=1
[194/267] task-iam-16    oracle  19/19 r=1
[195/267] task-iam-16    oracle  19/19 r=1
[196/267] task-iam-17    null    0/30 r=0
[197/267] task-iam-18    null    9/29 r=0
[198/267] task-iam-19    null    0/28 r=0
[199/267] task-iam-17    oracle  30/30 r=1
[200/267] task-iam-18    oracle  29/29 r=1
[201/267] task-iam-18    oracle  29/29 r=1
[202/267] task-iam-17    oracle  30/30 r=1
[203/267] task-iam-19    oracle  28/28 r=1
[204/267] task-iam-19    oracle  28/28 r=1
[205/267] task-iam-20    null    18/37 r=0
[206/267] task-n-1       null    0/25 r=0
[207/267] task-iam-20    oracle  37/37 r=1
[208/267] task-iam-20    oracle  37/37 r=1
[209/267] task-n-1       oracle  25/25 r=1
[210/267] task-n-1       oracle  25/25 r=1
[211/267] task-n-10      null    0/21 r=0
[212/267] task-n-10      oracle  21/21 r=1
[213/267] task-n-11      null    0/31 r=0
[214/267] task-n-10      oracle  21/21 r=1
[215/267] task-n-11      oracle  31/31 r=1
[216/267] task-n-12      null    0/25 r=0
[217/267] task-n-12      oracle  25/25 r=1
[218/267] task-n-11      oracle  31/31 r=1
[219/267] task-n-12      oracle  25/25 r=1
[220/267] task-n-13      null    0/23 r=0
[221/267] task-n-13      oracle  23/23 r=1
[222/267] task-n-13      oracle  23/23 r=1
[223/267] task-n-14      null    0/37 r=0
[224/267] task-n-14      oracle  37/37 r=1
[225/267] task-n-14      oracle  37/37 r=1
[226/267] task-n-15      null    36/112 r=0
[227/267] task-n-2       null    0/21 r=0
[228/267] task-n-15      oracle  112/112 r=1
[229/267] task-n-15      oracle  112/112 r=1
[230/267] task-n-2       oracle  21/21 r=1
[231/267] task-n-2       oracle  21/21 r=1
[232/267] task-n-3       null    0/22 r=0
[233/267] task-n-3       oracle  22/22 r=1
[234/267] task-n-3       oracle  22/22 r=1
[235/267] task-n-4       null    9/35 r=0
[236/267] task-n-5       null    0/21 r=0
[237/267] task-n-4       oracle  35/35 r=1
[238/267] task-n-4       oracle  35/35 r=1
[239/267] task-n-5       oracle  21/21 r=1
[240/267] task-n-5       oracle  21/21 r=1
[241/267] task-n-6       null    0/24 r=0
[242/267] task-n-7       null    0/23 r=0
[243/267] task-n-6       oracle  24/24 r=1
[244/267] task-n-6       oracle  24/24 r=1
[245/267] task-n-8       null    0/23 r=0
[246/267] task-n-7       oracle  23/23 r=1
[247/267] task-n-7       oracle  23/23 r=1
[248/267] task-net-1     null    13/31 r=0
[249/267] task-n-8       oracle  23/23 r=1
[250/267] task-n-8       oracle  23/23 r=1
[251/267] task-ops-1     null    0/27 r=0
[252/267] task-net-1     oracle  31/31 r=1
[253/267] task-net-1     oracle  31/31 r=1
[254/267] task-ops-2     null    0/20 r=0
[255/267] task-ops-1     oracle  27/27 r=1
[256/267] task-ops-2     oracle  20/20 r=1
[257/267] task-ops-1     oracle  27/27 r=1
[258/267] task-ops-3     null    0/20 r=0
[259/267] task-ops-2     oracle  20/20 r=1
[260/267] task-ops-3     oracle  20/20 r=1
[261/267] task-ops-4     null    0/24 r=0
[262/267] task-ops-3     oracle  20/20 r=1
[263/267] task-ops-5     null    0/18 r=0
[264/267] task-ops-4     oracle  24/24 r=1
[265/267] task-ops-4     oracle  24/24 r=1
[266/267] task-ops-5     oracle  18/18 r=1
[267/267] task-ops-5     oracle  18/18 r=1
saved results/sweep.jsonl; summarise with: python3 summarize_sweep.py
